#-----------------------------------------------------------
# Webtalk v2019.2 (64-bit)
# SW Build 2708876 on Wed Nov  6 21:39:14 MST 2019
# IP Build 2700528 on Thu Nov  7 00:09:20 MST 2019
# Start of session at: Tue May 12 23:08:41 2020
# Process ID: 25773
# Current directory: /home/lucianop/Documents/9semestre/IIC2343/proyecto-entrega-grupo-6/Entrega 2/Proyecto/Entrega2.sim/sim_1/behav/xsim
# Command line: wbtcv -mode batch -source /home/lucianop/Documents/9semestre/IIC2343/proyecto-entrega-grupo-6/Entrega 2/Proyecto/Entrega2.sim/sim_1/behav/xsim/xsim.dir/Basys3_tb_behav/webtalk/xsim_webtalk.tcl -notrace
# Log file: /home/lucianop/Documents/9semestre/IIC2343/proyecto-entrega-grupo-6/Entrega 2/Proyecto/Entrega2.sim/sim_1/behav/xsim/webtalk.log
# Journal file: /home/lucianop/Documents/9semestre/IIC2343/proyecto-entrega-grupo-6/Entrega 2/Proyecto/Entrega2.sim/sim_1/behav/xsim/webtalk.jou
#-----------------------------------------------------------
source /home/lucianop/Documents/9semestre/IIC2343/proyecto-entrega-grupo-6/Entrega -notrace
